// Vitest Snapshot v1, https://vitest.dev/guide/snapshot.html

exports[`creates blobs for Haggai glosses and then enqueues the finalize job 1`] = `
[
  {
    "content": "{
  "id": 37,
  "name": "Hag",
  "chapters": [
    {
      "id": 1,
      "verses": [
        {
          "id": "37001001",
          "words": [
            {
              "id": "3700100101",
              "gloss": "test gloss"
            },
            {
              "id": "3700100102",
              "gloss": null
            },
            {
              "id": "3700100103",
              "gloss": null
            },
            {
              "id": "3700100104",
              "gloss": null
            },
            {
              "id": "3700100105",
              "gloss": null
            },
            {
              "id": "3700100106",
              "gloss": null
            },
            {
              "id": "3700100107",
              "gloss": null
            },
            {
              "id": "3700100108",
              "gloss": null
            },
            {
              "id": "3700100109",
              "gloss": null
            },
            {
              "id": "3700100110",
              "gloss": null
            },
            {
              "id": "3700100111",
              "gloss": null
            },
            {
              "id": "3700100112",
              "gloss": null
            },
            {
              "id": "3700100113",
              "gloss": null
            },
            {
              "id": "3700100114",
              "gloss": null
            },
            {
              "id": "3700100115",
              "gloss": null
            },
            {
              "id": "3700100116",
              "gloss": null
            },
            {
              "id": "3700100117",
              "gloss": null
            },
            {
              "id": "3700100118",
              "gloss": null
            },
            {
              "id": "3700100119",
              "gloss": null
            },
            {
              "id": "3700100120",
              "gloss": null
            },
            {
              "id": "3700100121",
              "gloss": null
            },
            {
              "id": "3700100122",
              "gloss": null
            },
            {
              "id": "3700100123",
              "gloss": null
            },
            {
              "id": "3700100124",
              "gloss": null
            },
            {
              "id": "3700100125",
              "gloss": null
            },
            {
              "id": "3700100126",
              "gloss": null
            },
            {
              "id": "3700100127",
              "gloss": null
            },
            {
              "id": "3700100128",
              "gloss": null
            }
          ]
        },
        {
          "id": "37001002",
          "words": [
            {
              "id": "3700100201",
              "gloss": null
            },
            {
              "id": "3700100202",
              "gloss": null
            },
            {
              "id": "3700100203",
              "gloss": null
            },
            {
              "id": "3700100204",
              "gloss": null
            },
            {
              "id": "3700100205",
              "gloss": null
            },
            {
              "id": "3700100206",
              "gloss": null
            },
            {
              "id": "3700100207",
              "gloss": null
            },
            {
              "id": "3700100208",
              "gloss": null
            },
            {
              "id": "3700100209",
              "gloss": null
            },
            {
              "id": "3700100210",
              "gloss": null
            },
            {
              "id": "3700100211",
              "gloss": null
            },
            {
              "id": "3700100212",
              "gloss": null
            },
            {
              "id": "3700100213",
              "gloss": null
            },
            {
              "id": "3700100214",
              "gloss": null
            },
            {
              "id": "3700100215",
              "gloss": null
            },
            {
              "id": "3700100216",
              "gloss": null
            }
          ]
        },
        {
          "id": "37001003",
          "words": [
            {
              "id": "3700100301",
              "gloss": null
            },
            {
              "id": "3700100302",
              "gloss": null
            },
            {
              "id": "3700100303",
              "gloss": null
            },
            {
              "id": "3700100304",
              "gloss": null
            },
            {
              "id": "3700100305",
              "gloss": null
            },
            {
              "id": "3700100306",
              "gloss": null
            },
            {
              "id": "3700100307",
              "gloss": null
            }
          ]
        },
        {
          "id": "37001004",
          "words": [
            {
              "id": "3700100401",
              "gloss": null
            },
            {
              "id": "3700100402",
              "gloss": null
            },
            {
              "id": "3700100403",
              "gloss": null
            },
            {
              "id": "3700100404",
              "gloss": null
            },
            {
              "id": "3700100405",
              "gloss": null
            },
            {
              "id": "3700100406",
              "gloss": null
            },
            {
              "id": "3700100407",
              "gloss": null
            },
            {
              "id": "3700100408",
              "gloss": null
            },
            {
              "id": "3700100409",
              "gloss": null
            }
          ]
        },
        {
          "id": "37001005",
          "words": [
            {
              "id": "3700100501",
              "gloss": null
            },
            {
              "id": "3700100502",
              "gloss": null
            },
            {
              "id": "3700100503",
              "gloss": null
            },
            {
              "id": "3700100504",
              "gloss": null
            },
            {
              "id": "3700100505",
              "gloss": null
            },
            {
              "id": "3700100506",
              "gloss": null
            },
            {
              "id": "3700100507",
              "gloss": null
            },
            {
              "id": "3700100508",
              "gloss": null
            },
            {
              "id": "3700100509",
              "gloss": null
            }
          ]
        },
        {
          "id": "37001006",
          "words": [
            {
              "id": "3700100601",
              "gloss": null
            },
            {
              "id": "3700100602",
              "gloss": null
            },
            {
              "id": "3700100603",
              "gloss": null
            },
            {
              "id": "3700100604",
              "gloss": null
            },
            {
              "id": "3700100605",
              "gloss": null
            },
            {
              "id": "3700100606",
              "gloss": null
            },
            {
              "id": "3700100607",
              "gloss": null
            },
            {
              "id": "3700100608",
              "gloss": null
            },
            {
              "id": "3700100609",
              "gloss": null
            },
            {
              "id": "3700100610",
              "gloss": null
            },
            {
              "id": "3700100611",
              "gloss": null
            },
            {
              "id": "3700100612",
              "gloss": null
            },
            {
              "id": "3700100613",
              "gloss": null
            },
            {
              "id": "3700100614",
              "gloss": null
            },
            {
              "id": "3700100615",
              "gloss": null
            },
            {
              "id": "3700100616",
              "gloss": null
            },
            {
              "id": "3700100617",
              "gloss": null
            },
            {
              "id": "3700100618",
              "gloss": null
            },
            {
              "id": "3700100619",
              "gloss": null
            },
            {
              "id": "3700100620",
              "gloss": null
            }
          ]
        },
        {
          "id": "37001007",
          "words": [
            {
              "id": "3700100701",
              "gloss": null
            },
            {
              "id": "3700100702",
              "gloss": null
            },
            {
              "id": "3700100703",
              "gloss": null
            },
            {
              "id": "3700100704",
              "gloss": null
            },
            {
              "id": "3700100705",
              "gloss": null
            },
            {
              "id": "3700100706",
              "gloss": null
            },
            {
              "id": "3700100707",
              "gloss": null
            },
            {
              "id": "3700100708",
              "gloss": null
            }
          ]
        },
        {
          "id": "37001008",
          "words": [
            {
              "id": "3700100801",
              "gloss": null
            },
            {
              "id": "3700100802",
              "gloss": null
            },
            {
              "id": "3700100803",
              "gloss": null
            },
            {
              "id": "3700100804",
              "gloss": null
            },
            {
              "id": "3700100805",
              "gloss": null
            },
            {
              "id": "3700100806",
              "gloss": null
            },
            {
              "id": "3700100807",
              "gloss": null
            },
            {
              "id": "3700100808",
              "gloss": null
            },
            {
              "id": "3700100809",
              "gloss": null
            },
            {
              "id": "3700100810",
              "gloss": null
            },
            {
              "id": "3700100811",
              "gloss": null
            },
            {
              "id": "3700100812",
              "gloss": null
            }
          ]
        },
        {
          "id": "37001009",
          "words": [
            {
              "id": "3700100901",
              "gloss": null
            },
            {
              "id": "3700100902",
              "gloss": null
            },
            {
              "id": "3700100903",
              "gloss": null
            },
            {
              "id": "3700100904",
              "gloss": null
            },
            {
              "id": "3700100905",
              "gloss": null
            },
            {
              "id": "3700100906",
              "gloss": null
            },
            {
              "id": "3700100907",
              "gloss": null
            },
            {
              "id": "3700100908",
              "gloss": null
            },
            {
              "id": "3700100909",
              "gloss": null
            },
            {
              "id": "3700100910",
              "gloss": null
            },
            {
              "id": "3700100911",
              "gloss": null
            },
            {
              "id": "3700100912",
              "gloss": null
            },
            {
              "id": "3700100913",
              "gloss": null
            },
            {
              "id": "3700100914",
              "gloss": null
            },
            {
              "id": "3700100915",
              "gloss": null
            },
            {
              "id": "3700100916",
              "gloss": null
            },
            {
              "id": "3700100917",
              "gloss": null
            },
            {
              "id": "3700100918",
              "gloss": null
            },
            {
              "id": "3700100919",
              "gloss": null
            },
            {
              "id": "3700100920",
              "gloss": null
            },
            {
              "id": "3700100921",
              "gloss": null
            },
            {
              "id": "3700100922",
              "gloss": null
            },
            {
              "id": "3700100923",
              "gloss": null
            }
          ]
        },
        {
          "id": "37001010",
          "words": [
            {
              "id": "3700101001",
              "gloss": null
            },
            {
              "id": "3700101002",
              "gloss": null
            },
            {
              "id": "3700101003",
              "gloss": null
            },
            {
              "id": "3700101004",
              "gloss": null
            },
            {
              "id": "3700101005",
              "gloss": null
            },
            {
              "id": "3700101006",
              "gloss": null
            },
            {
              "id": "3700101007",
              "gloss": null
            },
            {
              "id": "3700101008",
              "gloss": null
            },
            {
              "id": "3700101009",
              "gloss": null
            }
          ]
        },
        {
          "id": "37001011",
          "words": [
            {
              "id": "3700101101",
              "gloss": null
            },
            {
              "id": "3700101102",
              "gloss": null
            },
            {
              "id": "3700101103",
              "gloss": null
            },
            {
              "id": "3700101104",
              "gloss": null
            },
            {
              "id": "3700101105",
              "gloss": null
            },
            {
              "id": "3700101106",
              "gloss": null
            },
            {
              "id": "3700101107",
              "gloss": null
            },
            {
              "id": "3700101108",
              "gloss": null
            },
            {
              "id": "3700101109",
              "gloss": null
            },
            {
              "id": "3700101110",
              "gloss": null
            },
            {
              "id": "3700101111",
              "gloss": null
            },
            {
              "id": "3700101112",
              "gloss": null
            },
            {
              "id": "3700101113",
              "gloss": null
            },
            {
              "id": "3700101114",
              "gloss": null
            },
            {
              "id": "3700101115",
              "gloss": null
            },
            {
              "id": "3700101116",
              "gloss": null
            },
            {
              "id": "3700101117",
              "gloss": null
            },
            {
              "id": "3700101118",
              "gloss": null
            },
            {
              "id": "3700101119",
              "gloss": null
            },
            {
              "id": "3700101120",
              "gloss": null
            },
            {
              "id": "3700101121",
              "gloss": null
            },
            {
              "id": "3700101122",
              "gloss": null
            },
            {
              "id": "3700101123",
              "gloss": null
            },
            {
              "id": "3700101124",
              "gloss": null
            },
            {
              "id": "3700101125",
              "gloss": null
            }
          ]
        },
        {
          "id": "37001012",
          "words": [
            {
              "id": "3700101201",
              "gloss": null
            },
            {
              "id": "3700101202",
              "gloss": null
            },
            {
              "id": "3700101203",
              "gloss": null
            },
            {
              "id": "3700101204",
              "gloss": null
            },
            {
              "id": "3700101205",
              "gloss": null
            },
            {
              "id": "3700101206",
              "gloss": null
            },
            {
              "id": "3700101207",
              "gloss": null
            },
            {
              "id": "3700101208",
              "gloss": null
            },
            {
              "id": "3700101209",
              "gloss": null
            },
            {
              "id": "3700101210",
              "gloss": null
            },
            {
              "id": "3700101211",
              "gloss": null
            },
            {
              "id": "3700101212",
              "gloss": null
            },
            {
              "id": "3700101213",
              "gloss": null
            },
            {
              "id": "3700101214",
              "gloss": null
            },
            {
              "id": "3700101215",
              "gloss": null
            },
            {
              "id": "3700101216",
              "gloss": null
            },
            {
              "id": "3700101217",
              "gloss": null
            },
            {
              "id": "3700101218",
              "gloss": null
            },
            {
              "id": "3700101219",
              "gloss": null
            },
            {
              "id": "3700101220",
              "gloss": null
            },
            {
              "id": "3700101221",
              "gloss": null
            },
            {
              "id": "3700101222",
              "gloss": null
            },
            {
              "id": "3700101223",
              "gloss": null
            },
            {
              "id": "3700101224",
              "gloss": null
            },
            {
              "id": "3700101225",
              "gloss": null
            },
            {
              "id": "3700101226",
              "gloss": null
            },
            {
              "id": "3700101227",
              "gloss": null
            }
          ]
        },
        {
          "id": "37001013",
          "words": [
            {
              "id": "3700101301",
              "gloss": null
            },
            {
              "id": "3700101302",
              "gloss": null
            },
            {
              "id": "3700101303",
              "gloss": null
            },
            {
              "id": "3700101304",
              "gloss": null
            },
            {
              "id": "3700101305",
              "gloss": null
            },
            {
              "id": "3700101306",
              "gloss": null
            },
            {
              "id": "3700101307",
              "gloss": null
            },
            {
              "id": "3700101308",
              "gloss": null
            },
            {
              "id": "3700101309",
              "gloss": null
            },
            {
              "id": "3700101310",
              "gloss": null
            },
            {
              "id": "3700101311",
              "gloss": null
            },
            {
              "id": "3700101312",
              "gloss": null
            }
          ]
        },
        {
          "id": "37001014",
          "words": [
            {
              "id": "3700101401",
              "gloss": null
            },
            {
              "id": "3700101402",
              "gloss": null
            },
            {
              "id": "3700101403",
              "gloss": null
            },
            {
              "id": "3700101404",
              "gloss": null
            },
            {
              "id": "3700101405",
              "gloss": null
            },
            {
              "id": "3700101406",
              "gloss": null
            },
            {
              "id": "3700101407",
              "gloss": null
            },
            {
              "id": "3700101408",
              "gloss": null
            },
            {
              "id": "3700101409",
              "gloss": null
            },
            {
              "id": "3700101410",
              "gloss": null
            },
            {
              "id": "3700101411",
              "gloss": null
            },
            {
              "id": "3700101412",
              "gloss": null
            },
            {
              "id": "3700101413",
              "gloss": null
            },
            {
              "id": "3700101414",
              "gloss": null
            },
            {
              "id": "3700101415",
              "gloss": null
            },
            {
              "id": "3700101416",
              "gloss": null
            },
            {
              "id": "3700101417",
              "gloss": null
            },
            {
              "id": "3700101418",
              "gloss": null
            },
            {
              "id": "3700101419",
              "gloss": null
            },
            {
              "id": "3700101420",
              "gloss": null
            },
            {
              "id": "3700101421",
              "gloss": null
            },
            {
              "id": "3700101422",
              "gloss": null
            },
            {
              "id": "3700101423",
              "gloss": null
            },
            {
              "id": "3700101424",
              "gloss": null
            },
            {
              "id": "3700101425",
              "gloss": null
            },
            {
              "id": "3700101426",
              "gloss": null
            },
            {
              "id": "3700101427",
              "gloss": null
            },
            {
              "id": "3700101428",
              "gloss": null
            },
            {
              "id": "3700101429",
              "gloss": null
            }
          ]
        },
        {
          "id": "37001015",
          "words": [
            {
              "id": "3700101501",
              "gloss": null
            },
            {
              "id": "3700101502",
              "gloss": null
            },
            {
              "id": "3700101503",
              "gloss": null
            },
            {
              "id": "3700101504",
              "gloss": null
            },
            {
              "id": "3700101505",
              "gloss": null
            },
            {
              "id": "3700101506",
              "gloss": null
            },
            {
              "id": "3700101507",
              "gloss": null
            },
            {
              "id": "3700101508",
              "gloss": null
            },
            {
              "id": "3700101509",
              "gloss": null
            }
          ]
        }
      ]
    },
    {
      "id": 2,
      "verses": [
        {
          "id": "37002001",
          "words": [
            {
              "id": "3700200101",
              "gloss": null
            },
            {
              "id": "3700200102",
              "gloss": null
            },
            {
              "id": "3700200103",
              "gloss": null
            },
            {
              "id": "3700200104",
              "gloss": null
            },
            {
              "id": "3700200105",
              "gloss": null
            },
            {
              "id": "3700200106",
              "gloss": null
            },
            {
              "id": "3700200107",
              "gloss": null
            },
            {
              "id": "3700200108",
              "gloss": null
            },
            {
              "id": "3700200109",
              "gloss": null
            },
            {
              "id": "3700200110",
              "gloss": null
            },
            {
              "id": "3700200111",
              "gloss": null
            }
          ]
        },
        {
          "id": "37002002",
          "words": [
            {
              "id": "3700200201",
              "gloss": null
            },
            {
              "id": "3700200202",
              "gloss": null
            },
            {
              "id": "3700200203",
              "gloss": null
            },
            {
              "id": "3700200204",
              "gloss": null
            },
            {
              "id": "3700200205",
              "gloss": null
            },
            {
              "id": "3700200206",
              "gloss": null
            },
            {
              "id": "3700200207",
              "gloss": null
            },
            {
              "id": "3700200208",
              "gloss": null
            },
            {
              "id": "3700200209",
              "gloss": null
            },
            {
              "id": "3700200210",
              "gloss": null
            },
            {
              "id": "3700200211",
              "gloss": null
            },
            {
              "id": "3700200212",
              "gloss": null
            },
            {
              "id": "3700200213",
              "gloss": null
            },
            {
              "id": "3700200214",
              "gloss": null
            },
            {
              "id": "3700200215",
              "gloss": null
            },
            {
              "id": "3700200216",
              "gloss": null
            },
            {
              "id": "3700200217",
              "gloss": null
            },
            {
              "id": "3700200218",
              "gloss": null
            }
          ]
        },
        {
          "id": "37002003",
          "words": [
            {
              "id": "3700200301",
              "gloss": null
            },
            {
              "id": "3700200302",
              "gloss": null
            },
            {
              "id": "3700200303",
              "gloss": null
            },
            {
              "id": "3700200304",
              "gloss": null
            },
            {
              "id": "3700200305",
              "gloss": null
            },
            {
              "id": "3700200306",
              "gloss": null
            },
            {
              "id": "3700200307",
              "gloss": null
            },
            {
              "id": "3700200308",
              "gloss": null
            },
            {
              "id": "3700200309",
              "gloss": null
            },
            {
              "id": "3700200310",
              "gloss": null
            },
            {
              "id": "3700200311",
              "gloss": null
            },
            {
              "id": "3700200312",
              "gloss": null
            },
            {
              "id": "3700200313",
              "gloss": null
            },
            {
              "id": "3700200314",
              "gloss": null
            },
            {
              "id": "3700200315",
              "gloss": null
            },
            {
              "id": "3700200316",
              "gloss": null
            },
            {
              "id": "3700200317",
              "gloss": null
            },
            {
              "id": "3700200318",
              "gloss": null
            },
            {
              "id": "3700200319",
              "gloss": null
            }
          ]
        },
        {
          "id": "37002004",
          "words": [
            {
              "id": "3700200401",
              "gloss": null
            },
            {
              "id": "3700200402",
              "gloss": null
            },
            {
              "id": "3700200403",
              "gloss": null
            },
            {
              "id": "3700200404",
              "gloss": null
            },
            {
              "id": "3700200405",
              "gloss": null
            },
            {
              "id": "3700200406",
              "gloss": null
            },
            {
              "id": "3700200407",
              "gloss": null
            },
            {
              "id": "3700200408",
              "gloss": null
            },
            {
              "id": "3700200409",
              "gloss": null
            },
            {
              "id": "3700200410",
              "gloss": null
            },
            {
              "id": "3700200411",
              "gloss": null
            },
            {
              "id": "3700200412",
              "gloss": null
            },
            {
              "id": "3700200413",
              "gloss": null
            },
            {
              "id": "3700200414",
              "gloss": null
            },
            {
              "id": "3700200415",
              "gloss": null
            },
            {
              "id": "3700200416",
              "gloss": null
            },
            {
              "id": "3700200417",
              "gloss": null
            },
            {
              "id": "3700200418",
              "gloss": null
            },
            {
              "id": "3700200419",
              "gloss": null
            },
            {
              "id": "3700200420",
              "gloss": null
            },
            {
              "id": "3700200421",
              "gloss": null
            },
            {
              "id": "3700200422",
              "gloss": null
            },
            {
              "id": "3700200423",
              "gloss": null
            },
            {
              "id": "3700200424",
              "gloss": null
            }
          ]
        },
        {
          "id": "37002005",
          "words": [
            {
              "id": "3700200501",
              "gloss": null
            },
            {
              "id": "3700200502",
              "gloss": null
            },
            {
              "id": "3700200503",
              "gloss": null
            },
            {
              "id": "3700200504",
              "gloss": null
            },
            {
              "id": "3700200505",
              "gloss": null
            },
            {
              "id": "3700200506",
              "gloss": null
            },
            {
              "id": "3700200507",
              "gloss": null
            },
            {
              "id": "3700200508",
              "gloss": null
            },
            {
              "id": "3700200509",
              "gloss": null
            },
            {
              "id": "3700200510",
              "gloss": null
            },
            {
              "id": "3700200511",
              "gloss": null
            },
            {
              "id": "3700200512",
              "gloss": null
            },
            {
              "id": "3700200513",
              "gloss": null
            }
          ]
        },
        {
          "id": "37002006",
          "words": [
            {
              "id": "3700200601",
              "gloss": null
            },
            {
              "id": "3700200602",
              "gloss": null
            },
            {
              "id": "3700200603",
              "gloss": null
            },
            {
              "id": "3700200604",
              "gloss": null
            },
            {
              "id": "3700200605",
              "gloss": null
            },
            {
              "id": "3700200606",
              "gloss": null
            },
            {
              "id": "3700200607",
              "gloss": null
            },
            {
              "id": "3700200608",
              "gloss": null
            },
            {
              "id": "3700200609",
              "gloss": null
            },
            {
              "id": "3700200610",
              "gloss": null
            },
            {
              "id": "3700200611",
              "gloss": null
            },
            {
              "id": "3700200612",
              "gloss": null
            },
            {
              "id": "3700200613",
              "gloss": null
            },
            {
              "id": "3700200614",
              "gloss": null
            },
            {
              "id": "3700200615",
              "gloss": null
            },
            {
              "id": "3700200616",
              "gloss": null
            },
            {
              "id": "3700200617",
              "gloss": null
            },
            {
              "id": "3700200618",
              "gloss": null
            },
            {
              "id": "3700200619",
              "gloss": null
            }
          ]
        },
        {
          "id": "37002007",
          "words": [
            {
              "id": "3700200701",
              "gloss": null
            },
            {
              "id": "3700200702",
              "gloss": null
            },
            {
              "id": "3700200703",
              "gloss": null
            },
            {
              "id": "3700200704",
              "gloss": null
            },
            {
              "id": "3700200705",
              "gloss": null
            },
            {
              "id": "3700200706",
              "gloss": null
            },
            {
              "id": "3700200707",
              "gloss": null
            },
            {
              "id": "3700200708",
              "gloss": null
            },
            {
              "id": "3700200709",
              "gloss": null
            },
            {
              "id": "3700200710",
              "gloss": null
            },
            {
              "id": "3700200711",
              "gloss": null
            },
            {
              "id": "3700200712",
              "gloss": null
            },
            {
              "id": "3700200713",
              "gloss": null
            },
            {
              "id": "3700200714",
              "gloss": null
            },
            {
              "id": "3700200715",
              "gloss": null
            },
            {
              "id": "3700200716",
              "gloss": null
            }
          ]
        },
        {
          "id": "37002008",
          "words": [
            {
              "id": "3700200801",
              "gloss": null
            },
            {
              "id": "3700200802",
              "gloss": null
            },
            {
              "id": "3700200803",
              "gloss": null
            },
            {
              "id": "3700200804",
              "gloss": null
            },
            {
              "id": "3700200805",
              "gloss": null
            },
            {
              "id": "3700200806",
              "gloss": null
            },
            {
              "id": "3700200807",
              "gloss": null
            }
          ]
        },
        {
          "id": "37002009",
          "words": [
            {
              "id": "3700200901",
              "gloss": null
            },
            {
              "id": "3700200902",
              "gloss": null
            },
            {
              "id": "3700200903",
              "gloss": null
            },
            {
              "id": "3700200904",
              "gloss": null
            },
            {
              "id": "3700200905",
              "gloss": null
            },
            {
              "id": "3700200906",
              "gloss": null
            },
            {
              "id": "3700200907",
              "gloss": null
            },
            {
              "id": "3700200908",
              "gloss": null
            },
            {
              "id": "3700200909",
              "gloss": null
            },
            {
              "id": "3700200910",
              "gloss": null
            },
            {
              "id": "3700200911",
              "gloss": null
            },
            {
              "id": "3700200912",
              "gloss": null
            },
            {
              "id": "3700200913",
              "gloss": null
            },
            {
              "id": "3700200914",
              "gloss": null
            },
            {
              "id": "3700200915",
              "gloss": null
            },
            {
              "id": "3700200916",
              "gloss": null
            },
            {
              "id": "3700200917",
              "gloss": null
            },
            {
              "id": "3700200918",
              "gloss": null
            },
            {
              "id": "3700200919",
              "gloss": null
            }
          ]
        },
        {
          "id": "37002010",
          "words": [
            {
              "id": "3700201001",
              "gloss": null
            },
            {
              "id": "3700201002",
              "gloss": null
            },
            {
              "id": "3700201003",
              "gloss": null
            },
            {
              "id": "3700201004",
              "gloss": null
            },
            {
              "id": "3700201005",
              "gloss": null
            },
            {
              "id": "3700201006",
              "gloss": null
            },
            {
              "id": "3700201007",
              "gloss": null
            },
            {
              "id": "3700201008",
              "gloss": null
            },
            {
              "id": "3700201009",
              "gloss": null
            },
            {
              "id": "3700201010",
              "gloss": null
            },
            {
              "id": "3700201011",
              "gloss": null
            },
            {
              "id": "3700201012",
              "gloss": null
            },
            {
              "id": "3700201013",
              "gloss": null
            }
          ]
        },
        {
          "id": "37002011",
          "words": [
            {
              "id": "3700201101",
              "gloss": null
            },
            {
              "id": "3700201102",
              "gloss": null
            },
            {
              "id": "3700201103",
              "gloss": null
            },
            {
              "id": "3700201104",
              "gloss": null
            },
            {
              "id": "3700201105",
              "gloss": null
            },
            {
              "id": "3700201106",
              "gloss": null
            },
            {
              "id": "3700201107",
              "gloss": null
            },
            {
              "id": "3700201108",
              "gloss": null
            },
            {
              "id": "3700201109",
              "gloss": null
            },
            {
              "id": "3700201110",
              "gloss": null
            }
          ]
        },
        {
          "id": "37002012",
          "words": [
            {
              "id": "3700201201",
              "gloss": null
            },
            {
              "id": "3700201202",
              "gloss": null
            },
            {
              "id": "3700201203",
              "gloss": null
            },
            {
              "id": "3700201204",
              "gloss": null
            },
            {
              "id": "3700201205",
              "gloss": null
            },
            {
              "id": "3700201206",
              "gloss": null
            },
            {
              "id": "3700201207",
              "gloss": null
            },
            {
              "id": "3700201208",
              "gloss": null
            },
            {
              "id": "3700201209",
              "gloss": null
            },
            {
              "id": "3700201210",
              "gloss": null
            },
            {
              "id": "3700201211",
              "gloss": null
            },
            {
              "id": "3700201212",
              "gloss": null
            },
            {
              "id": "3700201213",
              "gloss": null
            },
            {
              "id": "3700201214",
              "gloss": null
            },
            {
              "id": "3700201215",
              "gloss": null
            },
            {
              "id": "3700201216",
              "gloss": null
            },
            {
              "id": "3700201217",
              "gloss": null
            },
            {
              "id": "3700201218",
              "gloss": null
            },
            {
              "id": "3700201219",
              "gloss": null
            },
            {
              "id": "3700201220",
              "gloss": null
            },
            {
              "id": "3700201221",
              "gloss": null
            },
            {
              "id": "3700201222",
              "gloss": null
            },
            {
              "id": "3700201223",
              "gloss": null
            },
            {
              "id": "3700201224",
              "gloss": null
            },
            {
              "id": "3700201225",
              "gloss": null
            }
          ]
        },
        {
          "id": "37002013",
          "words": [
            {
              "id": "3700201301",
              "gloss": null
            },
            {
              "id": "3700201302",
              "gloss": null
            },
            {
              "id": "3700201303",
              "gloss": null
            },
            {
              "id": "3700201304",
              "gloss": null
            },
            {
              "id": "3700201305",
              "gloss": null
            },
            {
              "id": "3700201306",
              "gloss": null
            },
            {
              "id": "3700201307",
              "gloss": null
            },
            {
              "id": "3700201308",
              "gloss": null
            },
            {
              "id": "3700201309",
              "gloss": null
            },
            {
              "id": "3700201310",
              "gloss": null
            },
            {
              "id": "3700201311",
              "gloss": null
            },
            {
              "id": "3700201312",
              "gloss": null
            },
            {
              "id": "3700201313",
              "gloss": null
            }
          ]
        },
        {
          "id": "37002014",
          "words": [
            {
              "id": "3700201401",
              "gloss": null
            },
            {
              "id": "3700201402",
              "gloss": null
            },
            {
              "id": "3700201403",
              "gloss": null
            },
            {
              "id": "3700201404",
              "gloss": null
            },
            {
              "id": "3700201405",
              "gloss": null
            },
            {
              "id": "3700201406",
              "gloss": null
            },
            {
              "id": "3700201407",
              "gloss": null
            },
            {
              "id": "3700201408",
              "gloss": null
            },
            {
              "id": "3700201409",
              "gloss": null
            },
            {
              "id": "3700201410",
              "gloss": null
            },
            {
              "id": "3700201411",
              "gloss": null
            },
            {
              "id": "3700201412",
              "gloss": null
            },
            {
              "id": "3700201413",
              "gloss": null
            },
            {
              "id": "3700201414",
              "gloss": null
            },
            {
              "id": "3700201415",
              "gloss": null
            },
            {
              "id": "3700201416",
              "gloss": null
            },
            {
              "id": "3700201417",
              "gloss": null
            },
            {
              "id": "3700201418",
              "gloss": null
            },
            {
              "id": "3700201419",
              "gloss": null
            },
            {
              "id": "3700201420",
              "gloss": null
            },
            {
              "id": "3700201421",
              "gloss": null
            }
          ]
        },
        {
          "id": "37002015",
          "words": [
            {
              "id": "3700201501",
              "gloss": null
            },
            {
              "id": "3700201502",
              "gloss": null
            },
            {
              "id": "3700201503",
              "gloss": null
            },
            {
              "id": "3700201504",
              "gloss": null
            },
            {
              "id": "3700201505",
              "gloss": null
            },
            {
              "id": "3700201506",
              "gloss": null
            },
            {
              "id": "3700201507",
              "gloss": null
            },
            {
              "id": "3700201508",
              "gloss": null
            },
            {
              "id": "3700201509",
              "gloss": null
            },
            {
              "id": "3700201510",
              "gloss": null
            },
            {
              "id": "3700201511",
              "gloss": null
            },
            {
              "id": "3700201512",
              "gloss": null
            },
            {
              "id": "3700201513",
              "gloss": null
            },
            {
              "id": "3700201514",
              "gloss": null
            },
            {
              "id": "3700201515",
              "gloss": null
            }
          ]
        },
        {
          "id": "37002016",
          "words": [
            {
              "id": "3700201601",
              "gloss": null
            },
            {
              "id": "3700201602",
              "gloss": null
            },
            {
              "id": "3700201603",
              "gloss": null
            },
            {
              "id": "3700201604",
              "gloss": null
            },
            {
              "id": "3700201605",
              "gloss": null
            },
            {
              "id": "3700201606",
              "gloss": null
            },
            {
              "id": "3700201607",
              "gloss": null
            },
            {
              "id": "3700201608",
              "gloss": null
            },
            {
              "id": "3700201609",
              "gloss": null
            },
            {
              "id": "3700201610",
              "gloss": null
            },
            {
              "id": "3700201611",
              "gloss": null
            },
            {
              "id": "3700201612",
              "gloss": null
            },
            {
              "id": "3700201613",
              "gloss": null
            },
            {
              "id": "3700201614",
              "gloss": null
            },
            {
              "id": "3700201615",
              "gloss": null
            }
          ]
        },
        {
          "id": "37002017",
          "words": [
            {
              "id": "3700201701",
              "gloss": null
            },
            {
              "id": "3700201702",
              "gloss": null
            },
            {
              "id": "3700201703",
              "gloss": null
            },
            {
              "id": "3700201704",
              "gloss": null
            },
            {
              "id": "3700201705",
              "gloss": null
            },
            {
              "id": "3700201706",
              "gloss": null
            },
            {
              "id": "3700201707",
              "gloss": null
            },
            {
              "id": "3700201708",
              "gloss": null
            },
            {
              "id": "3700201709",
              "gloss": null
            },
            {
              "id": "3700201710",
              "gloss": null
            },
            {
              "id": "3700201711",
              "gloss": null
            },
            {
              "id": "3700201712",
              "gloss": null
            },
            {
              "id": "3700201713",
              "gloss": null
            },
            {
              "id": "3700201714",
              "gloss": null
            }
          ]
        },
        {
          "id": "37002018",
          "words": [
            {
              "id": "3700201801",
              "gloss": null
            },
            {
              "id": "3700201802",
              "gloss": null
            },
            {
              "id": "3700201803",
              "gloss": null
            },
            {
              "id": "3700201804",
              "gloss": null
            },
            {
              "id": "3700201805",
              "gloss": null
            },
            {
              "id": "3700201806",
              "gloss": null
            },
            {
              "id": "3700201807",
              "gloss": null
            },
            {
              "id": "3700201808",
              "gloss": null
            },
            {
              "id": "3700201809",
              "gloss": null
            },
            {
              "id": "3700201810",
              "gloss": null
            },
            {
              "id": "3700201811",
              "gloss": null
            },
            {
              "id": "3700201812",
              "gloss": null
            },
            {
              "id": "3700201813",
              "gloss": null
            },
            {
              "id": "3700201814",
              "gloss": null
            },
            {
              "id": "3700201815",
              "gloss": null
            },
            {
              "id": "3700201816",
              "gloss": null
            },
            {
              "id": "3700201817",
              "gloss": null
            },
            {
              "id": "3700201818",
              "gloss": null
            },
            {
              "id": "3700201819",
              "gloss": null
            }
          ]
        },
        {
          "id": "37002019",
          "words": [
            {
              "id": "3700201901",
              "gloss": null
            },
            {
              "id": "3700201902",
              "gloss": null
            },
            {
              "id": "3700201903",
              "gloss": null
            },
            {
              "id": "3700201904",
              "gloss": null
            },
            {
              "id": "3700201905",
              "gloss": null
            },
            {
              "id": "3700201906",
              "gloss": null
            },
            {
              "id": "3700201907",
              "gloss": null
            },
            {
              "id": "3700201908",
              "gloss": null
            },
            {
              "id": "3700201909",
              "gloss": null
            },
            {
              "id": "3700201910",
              "gloss": null
            },
            {
              "id": "3700201911",
              "gloss": null
            },
            {
              "id": "3700201912",
              "gloss": null
            },
            {
              "id": "3700201913",
              "gloss": null
            },
            {
              "id": "3700201914",
              "gloss": null
            },
            {
              "id": "3700201915",
              "gloss": null
            },
            {
              "id": "3700201916",
              "gloss": null
            }
          ]
        },
        {
          "id": "37002020",
          "words": [
            {
              "id": "3700202001",
              "gloss": null
            },
            {
              "id": "3700202002",
              "gloss": null
            },
            {
              "id": "3700202003",
              "gloss": null
            },
            {
              "id": "3700202004",
              "gloss": null
            },
            {
              "id": "3700202005",
              "gloss": null
            },
            {
              "id": "3700202006",
              "gloss": null
            },
            {
              "id": "3700202007",
              "gloss": null
            },
            {
              "id": "3700202008",
              "gloss": null
            },
            {
              "id": "3700202009",
              "gloss": null
            },
            {
              "id": "3700202010",
              "gloss": null
            }
          ]
        },
        {
          "id": "37002021",
          "words": [
            {
              "id": "3700202101",
              "gloss": null
            },
            {
              "id": "3700202102",
              "gloss": null
            },
            {
              "id": "3700202103",
              "gloss": null
            },
            {
              "id": "3700202104",
              "gloss": null
            },
            {
              "id": "3700202105",
              "gloss": null
            },
            {
              "id": "3700202106",
              "gloss": null
            },
            {
              "id": "3700202107",
              "gloss": null
            },
            {
              "id": "3700202108",
              "gloss": null
            },
            {
              "id": "3700202109",
              "gloss": null
            },
            {
              "id": "3700202110",
              "gloss": null
            },
            {
              "id": "3700202111",
              "gloss": null
            },
            {
              "id": "3700202112",
              "gloss": null
            }
          ]
        },
        {
          "id": "37002022",
          "words": [
            {
              "id": "3700202201",
              "gloss": null
            },
            {
              "id": "3700202202",
              "gloss": null
            },
            {
              "id": "3700202203",
              "gloss": null
            },
            {
              "id": "3700202204",
              "gloss": null
            },
            {
              "id": "3700202205",
              "gloss": null
            },
            {
              "id": "3700202206",
              "gloss": null
            },
            {
              "id": "3700202207",
              "gloss": null
            },
            {
              "id": "3700202208",
              "gloss": null
            },
            {
              "id": "3700202209",
              "gloss": null
            },
            {
              "id": "3700202210",
              "gloss": null
            },
            {
              "id": "3700202211",
              "gloss": null
            },
            {
              "id": "3700202212",
              "gloss": null
            },
            {
              "id": "3700202213",
              "gloss": null
            },
            {
              "id": "3700202214",
              "gloss": null
            },
            {
              "id": "3700202215",
              "gloss": null
            },
            {
              "id": "3700202216",
              "gloss": null
            }
          ]
        },
        {
          "id": "37002023",
          "words": [
            {
              "id": "3700202301",
              "gloss": null
            },
            {
              "id": "3700202302",
              "gloss": null
            },
            {
              "id": "3700202303",
              "gloss": null
            },
            {
              "id": "3700202304",
              "gloss": null
            },
            {
              "id": "3700202305",
              "gloss": null
            },
            {
              "id": "3700202306",
              "gloss": null
            },
            {
              "id": "3700202307",
              "gloss": null
            },
            {
              "id": "3700202308",
              "gloss": null
            },
            {
              "id": "3700202309",
              "gloss": null
            },
            {
              "id": "3700202310",
              "gloss": null
            },
            {
              "id": "3700202311",
              "gloss": null
            },
            {
              "id": "3700202312",
              "gloss": null
            },
            {
              "id": "3700202313",
              "gloss": null
            },
            {
              "id": "3700202314",
              "gloss": null
            },
            {
              "id": "3700202315",
              "gloss": null
            },
            {
              "id": "3700202316",
              "gloss": null
            },
            {
              "id": "3700202317",
              "gloss": null
            },
            {
              "id": "3700202318",
              "gloss": null
            },
            {
              "id": "3700202319",
              "gloss": null
            },
            {
              "id": "3700202320",
              "gloss": null
            }
          ]
        }
      ]
    }
  ]
}",
    "path": "eng/37-Hag.json",
  },
]
`;
